  Determining projects to restore...
  Restored C:\Users\Kawabata Haruki\Documents\MacToWinTool\src\Windows\MacWinBridge.Input\MacWinBridge.Input.csproj (in 712 ms).
  Restored C:\Users\Kawabata Haruki\Documents\MacToWinTool\src\Windows\MacWinBridge.Display\MacWinBridge.Display.csproj (in 712 ms).
  Restored C:\Users\Kawabata Haruki\Documents\MacToWinTool\src\Windows\MacWinBridge.App\MacWinBridge.App.csproj (in 712 ms).
  2 of 5 projects are up-to-date for restore.
  MacWinBridge.Core -> C:\Users\Kawabata Haruki\Documents\MacToWinTool\src\Windows\MacWinBridge.Core\bin\Debug\net8.0-windows\MacWinBridge.Core.dll
C:\Users\Kawabata Haruki\Documents\MacToWinTool\src\Windows\MacWinBridge.Input\SmartKvmService.cs(9,20): error CS0234: The type or namespace name 'Display' does not exist in the namespace 'MacWinBridge' (are you missing an assembly reference?) [C:\Users\Kawabata Haruki\Documents\MacToWinTool\src\Windows\MacWinBridge.Input\MacWinBridge.Input.csproj]
C:\Users\Kawabata Haruki\Documents\MacToWinTool\src\Windows\MacWinBridge.Audio\AudioStreamService.cs(140,23): error CS0103: The name 'WaveFormat' does not exist in the current context [C:\Users\Kawabata Haruki\Documents\MacToWinTool\src\Windows\MacWinBridge.Audio\MacWinBridge.Audio.csproj]
C:\Users\Kawabata Haruki\Documents\MacToWinTool\src\Windows\MacWinBridge.Audio\AudioStreamService.cs(145,27): error CS0246: The type or namespace name 'WaveFormat' could not be found (are you missing a using directive or an assembly reference?) [C:\Users\Kawabata Haruki\Documents\MacToWinTool\src\Windows\MacWinBridge.Audio\MacWinBridge.Audio.csproj]
C:\Users\Kawabata Haruki\Documents\MacToWinTool\src\Windows\MacWinBridge.Display\Decoding\H264Decoder.cs(56,22): error CS1501: No overload for method 'MFCreateDXGIDeviceManager' takes 2 arguments [C:\Users\Kawabata Haruki\Documents\MacToWinTool\src\Windows\MacWinBridge.Display\MacWinBridge.Display.csproj]
C:\Users\Kawabata Haruki\Documents\MacToWinTool\src\Windows\MacWinBridge.Display\Decoding\H264Decoder.cs(57,22): error CS1501: No overload for method 'ResetDevice' takes 2 arguments [C:\Users\Kawabata Haruki\Documents\MacToWinTool\src\Windows\MacWinBridge.Display\MacWinBridge.Display.csproj]
C:\Users\Kawabata Haruki\Documents\MacToWinTool\src\Windows\MacWinBridge.Display\Decoding\H264Decoder.cs(57,9): warning CS8602: Dereference of a possibly null reference. [C:\Users\Kawabata Haruki\Documents\MacToWinTool\src\Windows\MacWinBridge.Display\MacWinBridge.Display.csproj]
C:\Users\Kawabata Haruki\Documents\MacToWinTool\src\Windows\MacWinBridge.Display\Rendering\FullScreenRenderer.cs(71,27): error CS0266: Cannot implicitly convert type 'uint' to 'int'. An explicit conversion exists (are you missing a cast?) [C:\Users\Kawabata Haruki\Documents\MacToWinTool\src\Windows\MacWinBridge.Display\MacWinBridge.Display.csproj]
C:\Users\Kawabata Haruki\Documents\MacToWinTool\src\Windows\MacWinBridge.Display\Rendering\FullScreenRenderer.cs(72,27): error CS0266: Cannot implicitly convert type 'uint' to 'int'. An explicit conversion exists (are you missing a cast?) [C:\Users\Kawabata Haruki\Documents\MacToWinTool\src\Windows\MacWinBridge.Display\MacWinBridge.Display.csproj]
C:\Users\Kawabata Haruki\Documents\MacToWinTool\src\Windows\MacWinBridge.Display\Decoding\H264Decoder.cs(69,29): error CS0246: The type or namespace name 'MFTRegisterTypeInfo' could not be found (are you missing a using directive or an assembly reference?) [C:\Users\Kawabata Haruki\Documents\MacToWinTool\src\Windows\MacWinBridge.Display\MacWinBridge.Display.csproj]
C:\Users\Kawabata Haruki\Documents\MacToWinTool\src\Windows\MacWinBridge.Display\Decoding\H264Decoder.cs(77,13): error CS0103: The name 'MFTEnumFlag' does not exist in the current context [C:\Users\Kawabata Haruki\Documents\MacToWinTool\src\Windows\MacWinBridge.Display\MacWinBridge.Display.csproj]
C:\Users\Kawabata Haruki\Documents\MacToWinTool\src\Windows\MacWinBridge.Display\Decoding\H264Decoder.cs(77,36): error CS0103: The name 'MFTEnumFlag' does not exist in the current context [C:\Users\Kawabata Haruki\Documents\MacToWinTool\src\Windows\MacWinBridge.Display\MacWinBridge.Display.csproj]
C:\Users\Kawabata Haruki\Documents\MacToWinTool\src\Windows\MacWinBridge.Display\Decoding\H264Decoder.cs(75,13): error CS0815: Cannot assign void to an implicitly-typed variable [C:\Users\Kawabata Haruki\Documents\MacToWinTool\src\Windows\MacWinBridge.Display\MacWinBridge.Display.csproj]
C:\Users\Kawabata Haruki\Documents\MacToWinTool\src\Windows\MacWinBridge.Display\Decoding\H264Decoder.cs(86,17): error CS0103: The name 'MFTEnumFlag' does not exist in the current context [C:\Users\Kawabata Haruki\Documents\MacToWinTool\src\Windows\MacWinBridge.Display\MacWinBridge.Display.csproj]
C:\Users\Kawabata Haruki\Documents\MacToWinTool\src\Windows\MacWinBridge.Display\Decoding\H264Decoder.cs(101,33): error CS0103: The name 'TransformAttributeGuids' does not exist in the current context [C:\Users\Kawabata Haruki\Documents\MacToWinTool\src\Windows\MacWinBridge.Display\MacWinBridge.Display.csproj]
C:\Users\Kawabata Haruki\Documents\MacToWinTool\src\Windows\MacWinBridge.Display\Decoding\H264Decoder.cs(101,23): error CS1061: 'IMFAttributes' does not contain a definition for 'GetUINT32' and no accessible extension method 'GetUINT32' accepting a first argument of type 'IMFAttributes' could be found (are you missing a using directive or an assembly reference?) [C:\Users\Kawabata Haruki\Documents\MacToWinTool\src\Windows\MacWinBridge.Display\MacWinBridge.Display.csproj]
C:\Users\Kawabata Haruki\Documents\MacToWinTool\src\Windows\MacWinBridge.Display\Decoding\H264Decoder.cs(104,54): error CS0117: 'TMessageType' does not contain a definition for 'SetD3DManager' [C:\Users\Kawabata Haruki\Documents\MacToWinTool\src\Windows\MacWinBridge.Display\MacWinBridge.Display.csproj]
C:\Users\Kawabata Haruki\Documents\MacToWinTool\src\Windows\MacWinBridge.Display\Decoding\H264Decoder.cs(122,46): error CS0117: 'TMessageType' does not contain a definition for 'NotifyBeginStreaming' [C:\Users\Kawabata Haruki\Documents\MacToWinTool\src\Windows\MacWinBridge.Display\MacWinBridge.Display.csproj]
C:\Users\Kawabata Haruki\Documents\MacToWinTool\src\Windows\MacWinBridge.Display\Decoding\H264Decoder.cs(138,40): error CS0214: Pointers and fixed size buffers may only be used in an unsafe context [C:\Users\Kawabata Haruki\Documents\MacToWinTool\src\Windows\MacWinBridge.Display\MacWinBridge.Display.csproj]
C:\Users\Kawabata Haruki\Documents\MacToWinTool\src\Windows\MacWinBridge.Display\Decoding\H264Decoder.cs(138,39): error CS0214: Pointers and fixed size buffers may only be used in an unsafe context [C:\Users\Kawabata Haruki\Documents\MacToWinTool\src\Windows\MacWinBridge.Display\MacWinBridge.Display.csproj]
C:\Users\Kawabata Haruki\Documents\MacToWinTool\src\Windows\MacWinBridge.Display\Decoding\H264Decoder.cs(138,24): error CS0214: Pointers and fixed size buffers may only be used in an unsafe context [C:\Users\Kawabata Haruki\Documents\MacToWinTool\src\Windows\MacWinBridge.Display\MacWinBridge.Display.csproj]
C:\Users\Kawabata Haruki\Documents\MacToWinTool\src\Windows\MacWinBridge.Display\Decoding\H264Decoder.cs(159,22): error CS1501: No overload for method 'GetOutputStreamInfo' takes 2 arguments [C:\Users\Kawabata Haruki\Documents\MacToWinTool\src\Windows\MacWinBridge.Display\MacWinBridge.Display.csproj]
C:\Users\Kawabata Haruki\Documents\MacToWinTool\src\Windows\MacWinBridge.Display\Decoding\H264Decoder.cs(163,55): error CS0103: The name 'MFTOutputStreamInfoFlags' does not exist in the current context [C:\Users\Kawabata Haruki\Documents\MacToWinTool\src\Windows\MacWinBridge.Display\MacWinBridge.Display.csproj]
C:\Users\Kawabata Haruki\Documents\MacToWinTool\src\Windows\MacWinBridge.Display\Decoding\H264Decoder.cs(172,40): error CS0246: The type or namespace name 'MFTOutputDataBuffer' could not be found (are you missing a using directive or an assembly reference?) [C:\Users\Kawabata Haruki\Documents\MacToWinTool\src\Windows\MacWinBridge.Display\MacWinBridge.Display.csproj]
C:\Users\Kawabata Haruki\Documents\MacToWinTool\src\Windows\MacWinBridge.Display\Decoding\H264Decoder.cs(178,31): error CS7036: There is no argument given that corresponds to the required parameter 'pdwStatus' of 'IMFTransform.ProcessOutput(ProcessOutputFlags, int, ref OutputDataBuffer, out ProcessOutputStatus)' [C:\Users\Kawabata Haruki\Documents\MacToWinTool\src\Windows\MacWinBridge.Display\MacWinBridge.Display.csproj]
C:\Users\Kawabata Haruki\Documents\MacToWinTool\src\Windows\MacWinBridge.Display\Decoding\H264Decoder.cs(208,28): error CS8121: An expression of type 'IMFMediaBuffer' cannot be handled by a pattern of type 'IMFDXGIBuffer'. [C:\Users\Kawabata Haruki\Documents\MacToWinTool\src\Windows\MacWinBridge.Display\MacWinBridge.Display.csproj]
C:\Users\Kawabata Haruki\Documents\MacToWinTool\src\Windows\MacWinBridge.Display\Decoding\H264Decoder.cs(210,38): error CS0308: The non-generic method 'IMFDXGIBuffer.GetResource(Guid)' cannot be used with type arguments [C:\Users\Kawabata Haruki\Documents\MacToWinTool\src\Windows\MacWinBridge.Display\MacWinBridge.Display.csproj]
C:\Users\Kawabata Haruki\Documents\MacToWinTool\src\Windows\MacWinBridge.Display\Decoding\H264Decoder.cs(211,34): error CS1503: Argument 1: cannot convert from 'nint' to 'Vortice.Direct3D11.ID3D11Texture2D' [C:\Users\Kawabata Haruki\Documents\MacToWinTool\src\Windows\MacWinBridge.Display\MacWinBridge.Display.csproj]
C:\Users\Kawabata Haruki\Documents\MacToWinTool\src\Windows\MacWinBridge.Display\Decoding\H264Decoder.cs(221,26): error CS0266: Cannot implicitly convert type 'uint' to 'int'. An explicit conversion exists (are you missing a cast?) [C:\Users\Kawabata Haruki\Documents\MacToWinTool\src\Windows\MacWinBridge.Display\MacWinBridge.Display.csproj]
C:\Users\Kawabata Haruki\Documents\MacToWinTool\src\Windows\MacWinBridge.Display\Decoding\H264Decoder.cs(222,26): error CS0266: Cannot implicitly convert type 'uint' to 'int'. An explicit conversion exists (are you missing a cast?) [C:\Users\Kawabata Haruki\Documents\MacToWinTool\src\Windows\MacWinBridge.Display\MacWinBridge.Display.csproj]
C:\Users\Kawabata Haruki\Documents\MacToWinTool\src\Windows\MacWinBridge.Display\Decoding\H264Decoder.cs(234,31): error CS0266: Cannot implicitly convert type 'uint' to 'int'. An explicit conversion exists (are you missing a cast?) [C:\Users\Kawabata Haruki\Documents\MacToWinTool\src\Windows\MacWinBridge.Display\MacWinBridge.Display.csproj]
C:\Users\Kawabata Haruki\Documents\MacToWinTool\src\Windows\MacWinBridge.Display\Decoding\H264Decoder.cs(250,47): error CS0117: 'TMessageType' does not contain a definition for 'NotifyEndOfStream' [C:\Users\Kawabata Haruki\Documents\MacToWinTool\src\Windows\MacWinBridge.Display\MacWinBridge.Display.csproj]

Build FAILED.

C:\Users\Kawabata Haruki\Documents\MacToWinTool\src\Windows\MacWinBridge.Display\Decoding\H264Decoder.cs(57,9): warning CS8602: Dereference of a possibly null reference. [C:\Users\Kawabata Haruki\Documents\MacToWinTool\src\Windows\MacWinBridge.Display\MacWinBridge.Display.csproj]
C:\Users\Kawabata Haruki\Documents\MacToWinTool\src\Windows\MacWinBridge.Input\SmartKvmService.cs(9,20): error CS0234: The type or namespace name 'Display' does not exist in the namespace 'MacWinBridge' (are you missing an assembly reference?) [C:\Users\Kawabata Haruki\Documents\MacToWinTool\src\Windows\MacWinBridge.Input\MacWinBridge.Input.csproj]
C:\Users\Kawabata Haruki\Documents\MacToWinTool\src\Windows\MacWinBridge.Audio\AudioStreamService.cs(140,23): error CS0103: The name 'WaveFormat' does not exist in the current context [C:\Users\Kawabata Haruki\Documents\MacToWinTool\src\Windows\MacWinBridge.Audio\MacWinBridge.Audio.csproj]
C:\Users\Kawabata Haruki\Documents\MacToWinTool\src\Windows\MacWinBridge.Audio\AudioStreamService.cs(145,27): error CS0246: The type or namespace name 'WaveFormat' could not be found (are you missing a using directive or an assembly reference?) [C:\Users\Kawabata Haruki\Documents\MacToWinTool\src\Windows\MacWinBridge.Audio\MacWinBridge.Audio.csproj]
C:\Users\Kawabata Haruki\Documents\MacToWinTool\src\Windows\MacWinBridge.Display\Decoding\H264Decoder.cs(56,22): error CS1501: No overload for method 'MFCreateDXGIDeviceManager' takes 2 arguments [C:\Users\Kawabata Haruki\Documents\MacToWinTool\src\Windows\MacWinBridge.Display\MacWinBridge.Display.csproj]
C:\Users\Kawabata Haruki\Documents\MacToWinTool\src\Windows\MacWinBridge.Display\Decoding\H264Decoder.cs(57,22): error CS1501: No overload for method 'ResetDevice' takes 2 arguments [C:\Users\Kawabata Haruki\Documents\MacToWinTool\src\Windows\MacWinBridge.Display\MacWinBridge.Display.csproj]
C:\Users\Kawabata Haruki\Documents\MacToWinTool\src\Windows\MacWinBridge.Display\Rendering\FullScreenRenderer.cs(71,27): error CS0266: Cannot implicitly convert type 'uint' to 'int'. An explicit conversion exists (are you missing a cast?) [C:\Users\Kawabata Haruki\Documents\MacToWinTool\src\Windows\MacWinBridge.Display\MacWinBridge.Display.csproj]
C:\Users\Kawabata Haruki\Documents\MacToWinTool\src\Windows\MacWinBridge.Display\Rendering\FullScreenRenderer.cs(72,27): error CS0266: Cannot implicitly convert type 'uint' to 'int'. An explicit conversion exists (are you missing a cast?) [C:\Users\Kawabata Haruki\Documents\MacToWinTool\src\Windows\MacWinBridge.Display\MacWinBridge.Display.csproj]
C:\Users\Kawabata Haruki\Documents\MacToWinTool\src\Windows\MacWinBridge.Display\Decoding\H264Decoder.cs(69,29): error CS0246: The type or namespace name 'MFTRegisterTypeInfo' could not be found (are you missing a using directive or an assembly reference?) [C:\Users\Kawabata Haruki\Documents\MacToWinTool\src\Windows\MacWinBridge.Display\MacWinBridge.Display.csproj]
C:\Users\Kawabata Haruki\Documents\MacToWinTool\src\Windows\MacWinBridge.Display\Decoding\H264Decoder.cs(77,13): error CS0103: The name 'MFTEnumFlag' does not exist in the current context [C:\Users\Kawabata Haruki\Documents\MacToWinTool\src\Windows\MacWinBridge.Display\MacWinBridge.Display.csproj]
C:\Users\Kawabata Haruki\Documents\MacToWinTool\src\Windows\MacWinBridge.Display\Decoding\H264Decoder.cs(77,36): error CS0103: The name 'MFTEnumFlag' does not exist in the current context [C:\Users\Kawabata Haruki\Documents\MacToWinTool\src\Windows\MacWinBridge.Display\MacWinBridge.Display.csproj]
C:\Users\Kawabata Haruki\Documents\MacToWinTool\src\Windows\MacWinBridge.Display\Decoding\H264Decoder.cs(75,13): error CS0815: Cannot assign void to an implicitly-typed variable [C:\Users\Kawabata Haruki\Documents\MacToWinTool\src\Windows\MacWinBridge.Display\MacWinBridge.Display.csproj]
C:\Users\Kawabata Haruki\Documents\MacToWinTool\src\Windows\MacWinBridge.Display\Decoding\H264Decoder.cs(86,17): error CS0103: The name 'MFTEnumFlag' does not exist in the current context [C:\Users\Kawabata Haruki\Documents\MacToWinTool\src\Windows\MacWinBridge.Display\MacWinBridge.Display.csproj]
C:\Users\Kawabata Haruki\Documents\MacToWinTool\src\Windows\MacWinBridge.Display\Decoding\H264Decoder.cs(101,33): error CS0103: The name 'TransformAttributeGuids' does not exist in the current context [C:\Users\Kawabata Haruki\Documents\MacToWinTool\src\Windows\MacWinBridge.Display\MacWinBridge.Display.csproj]
C:\Users\Kawabata Haruki\Documents\MacToWinTool\src\Windows\MacWinBridge.Display\Decoding\H264Decoder.cs(101,23): error CS1061: 'IMFAttributes' does not contain a definition for 'GetUINT32' and no accessible extension method 'GetUINT32' accepting a first argument of type 'IMFAttributes' could be found (are you missing a using directive or an assembly reference?) [C:\Users\Kawabata Haruki\Documents\MacToWinTool\src\Windows\MacWinBridge.Display\MacWinBridge.Display.csproj]
C:\Users\Kawabata Haruki\Documents\MacToWinTool\src\Windows\MacWinBridge.Display\Decoding\H264Decoder.cs(104,54): error CS0117: 'TMessageType' does not contain a definition for 'SetD3DManager' [C:\Users\Kawabata Haruki\Documents\MacToWinTool\src\Windows\MacWinBridge.Display\MacWinBridge.Display.csproj]
C:\Users\Kawabata Haruki\Documents\MacToWinTool\src\Windows\MacWinBridge.Display\Decoding\H264Decoder.cs(122,46): error CS0117: 'TMessageType' does not contain a definition for 'NotifyBeginStreaming' [C:\Users\Kawabata Haruki\Documents\MacToWinTool\src\Windows\MacWinBridge.Display\MacWinBridge.Display.csproj]
C:\Users\Kawabata Haruki\Documents\MacToWinTool\src\Windows\MacWinBridge.Display\Decoding\H264Decoder.cs(138,40): error CS0214: Pointers and fixed size buffers may only be used in an unsafe context [C:\Users\Kawabata Haruki\Documents\MacToWinTool\src\Windows\MacWinBridge.Display\MacWinBridge.Display.csproj]
C:\Users\Kawabata Haruki\Documents\MacToWinTool\src\Windows\MacWinBridge.Display\Decoding\H264Decoder.cs(138,39): error CS0214: Pointers and fixed size buffers may only be used in an unsafe context [C:\Users\Kawabata Haruki\Documents\MacToWinTool\src\Windows\MacWinBridge.Display\MacWinBridge.Display.csproj]
C:\Users\Kawabata Haruki\Documents\MacToWinTool\src\Windows\MacWinBridge.Display\Decoding\H264Decoder.cs(138,24): error CS0214: Pointers and fixed size buffers may only be used in an unsafe context [C:\Users\Kawabata Haruki\Documents\MacToWinTool\src\Windows\MacWinBridge.Display\MacWinBridge.Display.csproj]
C:\Users\Kawabata Haruki\Documents\MacToWinTool\src\Windows\MacWinBridge.Display\Decoding\H264Decoder.cs(159,22): error CS1501: No overload for method 'GetOutputStreamInfo' takes 2 arguments [C:\Users\Kawabata Haruki\Documents\MacToWinTool\src\Windows\MacWinBridge.Display\MacWinBridge.Display.csproj]
C:\Users\Kawabata Haruki\Documents\MacToWinTool\src\Windows\MacWinBridge.Display\Decoding\H264Decoder.cs(163,55): error CS0103: The name 'MFTOutputStreamInfoFlags' does not exist in the current context [C:\Users\Kawabata Haruki\Documents\MacToWinTool\src\Windows\MacWinBridge.Display\MacWinBridge.Display.csproj]
C:\Users\Kawabata Haruki\Documents\MacToWinTool\src\Windows\MacWinBridge.Display\Decoding\H264Decoder.cs(172,40): error CS0246: The type or namespace name 'MFTOutputDataBuffer' could not be found (are you missing a using directive or an assembly reference?) [C:\Users\Kawabata Haruki\Documents\MacToWinTool\src\Windows\MacWinBridge.Display\MacWinBridge.Display.csproj]
C:\Users\Kawabata Haruki\Documents\MacToWinTool\src\Windows\MacWinBridge.Display\Decoding\H264Decoder.cs(178,31): error CS7036: There is no argument given that corresponds to the required parameter 'pdwStatus' of 'IMFTransform.ProcessOutput(ProcessOutputFlags, int, ref OutputDataBuffer, out ProcessOutputStatus)' [C:\Users\Kawabata Haruki\Documents\MacToWinTool\src\Windows\MacWinBridge.Display\MacWinBridge.Display.csproj]
C:\Users\Kawabata Haruki\Documents\MacToWinTool\src\Windows\MacWinBridge.Display\Decoding\H264Decoder.cs(208,28): error CS8121: An expression of type 'IMFMediaBuffer' cannot be handled by a pattern of type 'IMFDXGIBuffer'. [C:\Users\Kawabata Haruki\Documents\MacToWinTool\src\Windows\MacWinBridge.Display\MacWinBridge.Display.csproj]
C:\Users\Kawabata Haruki\Documents\MacToWinTool\src\Windows\MacWinBridge.Display\Decoding\H264Decoder.cs(210,38): error CS0308: The non-generic method 'IMFDXGIBuffer.GetResource(Guid)' cannot be used with type arguments [C:\Users\Kawabata Haruki\Documents\MacToWinTool\src\Windows\MacWinBridge.Display\MacWinBridge.Display.csproj]
C:\Users\Kawabata Haruki\Documents\MacToWinTool\src\Windows\MacWinBridge.Display\Decoding\H264Decoder.cs(211,34): error CS1503: Argument 1: cannot convert from 'nint' to 'Vortice.Direct3D11.ID3D11Texture2D' [C:\Users\Kawabata Haruki\Documents\MacToWinTool\src\Windows\MacWinBridge.Display\MacWinBridge.Display.csproj]
C:\Users\Kawabata Haruki\Documents\MacToWinTool\src\Windows\MacWinBridge.Display\Decoding\H264Decoder.cs(221,26): error CS0266: Cannot implicitly convert type 'uint' to 'int'. An explicit conversion exists (are you missing a cast?) [C:\Users\Kawabata Haruki\Documents\MacToWinTool\src\Windows\MacWinBridge.Display\MacWinBridge.Display.csproj]
C:\Users\Kawabata Haruki\Documents\MacToWinTool\src\Windows\MacWinBridge.Display\Decoding\H264Decoder.cs(222,26): error CS0266: Cannot implicitly convert type 'uint' to 'int'. An explicit conversion exists (are you missing a cast?) [C:\Users\Kawabata Haruki\Documents\MacToWinTool\src\Windows\MacWinBridge.Display\MacWinBridge.Display.csproj]
C:\Users\Kawabata Haruki\Documents\MacToWinTool\src\Windows\MacWinBridge.Display\Decoding\H264Decoder.cs(234,31): error CS0266: Cannot implicitly convert type 'uint' to 'int'. An explicit conversion exists (are you missing a cast?) [C:\Users\Kawabata Haruki\Documents\MacToWinTool\src\Windows\MacWinBridge.Display\MacWinBridge.Display.csproj]
C:\Users\Kawabata Haruki\Documents\MacToWinTool\src\Windows\MacWinBridge.Display\Decoding\H264Decoder.cs(250,47): error CS0117: 'TMessageType' does not contain a definition for 'NotifyEndOfStream' [C:\Users\Kawabata Haruki\Documents\MacToWinTool\src\Windows\MacWinBridge.Display\MacWinBridge.Display.csproj]
    1 Warning(s)
    30 Error(s)

Time Elapsed 00:00:03.70
